// Jest Snapshot v1, https://goo.gl/fbAQLP

exports[`renders CompanyLogo component 1`] = `
<div
  className="company-logo"
>
  <img
    alt="acme"
    src="http://host.com/photo.jpg"
  />
</div>
`;
