// Jest Snapshot v1, https://goo.gl/fbAQLP

exports[`renders Description component 1`] = `
<p
  className="description"
>
  This is generic description
</p>
`;
