// Jest Snapshot v1, https://goo.gl/fbAQLP

exports[`renders Button component 1`] = `
<div
  className="btn-primary-apply"
>
  <button>
    Apply
  </button>
</div>
`;
